[91;1merror[39m: expected `;`, got literal[0m
[94;1m --> [0mtestsuite/tests/chapter_1/invalid_parse/misspelled_keyword.c:2:13
[94;1m  | 
2 | [0m    returns 0;
[94;1m  | [91;1m            ^ `;` expected here
[94;1m  | [0m

[91;1merror[39m: `returns` undeclared[0m
[94;1m --> [0mtestsuite/tests/chapter_1/invalid_parse/misspelled_keyword.c:2:5
[94;1m  | 
2 | [0m    returns 0;
[94;1m  | [91;1m    ^^^^^^^ `returns` has not been declared
[94;1m  | [0m
