[91;1merror[39m: expected expression, got `int`[0m
[94;1m --> [0mtestsuite/tests/chapter_1/invalid_parse/not_expression.c:2:12
[94;1m  | 
2 | [0m    return int;
[94;1m  | [91;1m           ^^^ expression expected
[94;1m  | [0m

