[91;1merror[39m: expected `;`, got `)`[0m
[94;1m --> [0mtestsuite/tests/chapter_1/invalid_parse/switched_parens.c:1:10
[94;1m  | 
1 | [0mint main )( {
[94;1m  | [91;1m         ^ `;` expected here
[94;1m  | [0m

