[91;1merror[39m: expected expression, got `int`[0m
[94;1m --> [0mtestsuite/tests/chapter_8/invalid_parse/decl_as_loop_body.c:3:9
[94;1m  | 
3 | [0m        int i = 0;
[94;1m  | [91;1m        ^^^ expression expected
[94;1m  | [0m

