[91;1merror[39m: expected expression, got `int`[0m
[94;1m --> [0mtestsuite/tests/chapter_8/invalid_parse/invalid_for_declaration.c:2:12
[94;1m  | 
2 | [0m    for (; int i = 0; i = i + 1)
[94;1m  | [91;1m           ^^^ expression expected
[94;1m  | [0m

