[91;1merror[39m: incomplete for loop header[0m
[94;1m --> [0mtestsuite/tests/chapter_8/invalid_parse/paren_mismatch.c:2:21
[94;1m  | 
2 | [0m    for (int i = 2; ))
[94;1m  | [91;1m                    ^ one more clause expected
[94;1m  | [0m

