[91;1merror[39m: expected `;`, got `=`[0m
[94;1m --> [0mtestsuite/tests/chapter_5/invalid_semantics/invalid_lvalue.c:3:11
[94;1m  | 
3 | [0m    a + 3 = 4;
[94;1m  | [91;1m          ^ `;` expected here
[94;1m  | [0m

