[91;1merror[39m: too many arguments for call to `foo`[0m
[94;1m --> [0mtestsuite/tests/chapter_9/invalid_types/too_many_args.c:7:12
[94;1m  | 
7 | [0m    return foo(1, 2);
[94;1m  | [91;1m           ^^^^^^^^^ 2 arguments provided to `foo`
[94;1m  | [0m
[94;1m --> [0mtestsuite/tests/chapter_9/invalid_types/too_many_args.c:1:1
[94;1m  | 
1 | [0mint foo(int a) {
[94;1m  | [91;1m^^^^^^^^^^^^^^ `foo` declared with 1 parameter
[94;1m  | [0m

