[91;1merror[39m: expected `)`, got `}`[0m
[94;1m --> [0mtestsuite/tests/chapter_9/invalid_parse/funcall_wrong_closing_delim.c:8:33
[94;1m  | 
8 | [0mint main(void) { return foo(1, 2};}
[94;1m  | [91;1m                                ^ `)` expected here
[94;1m  | [0m

