[91;1merror[39m: expected `)`, got `=`[0m
[94;1m --> [0mtestsuite/tests/chapter_9/invalid_parse/var_init_in_param_list.c:2:22
[94;1m  | 
2 | [0mint bad_params(int a = 3) {
[94;1m  | [91;1m                     ^ `)` expected here
[94;1m  | [0m

