[91;1merror[39m: expected `(`, got literal[0m
[94;1m --> [0mtestsuite/tests/chapter_6/invalid_parse/if_no_parens.c:2:8
[94;1m  | 
2 | [0m    if 0 return 1;
[94;1m  | [91;1m       ^ `(` expected here
[94;1m  | [0m

