[91;1merror[39m: expected `:`, got `;`[0m
[94;1m --> [0mtestsuite/tests/chapter_6/invalid_parse/malformed_ternary_2.c:2:25
[94;1m  | 
2 | [0m    return 1 ? 2 ? 3 : 4;
[94;1m  | [91;1m                        ^ `:` expected here
[94;1m  | [0m

