[91;1merror[39m: expected `:`, got `;`[0m
[94;1m --> [0mtestsuite/tests/chapter_6/invalid_parse/wrong_ternary_delimiter.c:5:21
[94;1m  | 
5 | [0m    return x ? 1 = 2;
[94;1m  | [91;1m                    ^ `:` expected here
[94;1m  | [0m

