[91;1merror[39m: expected expression, got `<=`[0m
[94;1m --> [0mtestsuite/tests/chapter_4/invalid_parse/missing_first_op.c:2:12
[94;1m  | 
2 | [0m    return <= 2;
[94;1m  | [91;1m           ^^ expression expected
[94;1m  | [0m

