[91;1merror[39m: expected expression, got `=`[0m
[94;1m --> [0mtestsuite/tests/chapter_5/invalid_parse/compound_invalid_operator.c:6:9
[94;1m  | 
6 | [0m    a + = 1;
[94;1m  | [91;1m        ^ expression expected
[94;1m  | [0m

