[91;1merror[39m: expected identifier, got literal[0m
[94;1m --> [0mtestsuite/tests/chapter_5/invalid_parse/invalid_variable_name.c:3:9
[94;1m  | 
3 | [0m    int 10 = 0;
[94;1m  | [91;1m        ^^ identifier expected here
[94;1m  | [0m

